// Jest Snapshot v1, https://goo.gl/fbAQLP

exports[`Layout renders correctly in dark mode 1`] = `
<div
  className="css-s0dw1h"
>
  <header
    className="css-1aqmb4e"
  >
    <header
      className="css-1tw4u1q"
    >
      <h3
        className="css-fsljql"
      >
        <a
          className="h2"
          css={
            Object {
              "map": undefined,
              "name": "nvkszq",
              "next": undefined,
              "styles": "
              padding: calc(0.25 * var(--spacing)) 0;
            ",
              "toString": [Function],
            }
          }
          href="/"
        >
          Jamie Woodmancy
        </a>
      </h3>
      <div
        className="css-aitx2n"
      >
        <a
          className="css-10t6syk"
          href="/work/"
        >
          Work
        </a>
        <a
          className="css-10t6syk"
          href="/now/"
        >
          Now
        </a>
        <a
          className="css-10t6syk"
          href="/writing/"
        >
          Writing
        </a>
        
      </div>
      <div
        className="css-nxgzd2"
      >
        
      </div>
    </header>
  </header>
  <main
    className="css-16fbjmh"
  >
    <h1>
      mockTitle for Layout
    </h1>
    <div
      className="css-h5uv9"
    >
      <h2>
        hey there!
      </h2>
      <p>
        mock body content, etc
      </p>
    </div>
  </main>
  <div
    className="css-wsh7pe"
  >
    <a
      className="css-ecnfs0"
      href="/work/"
    >
      Work
    </a>
    <a
      className="css-ecnfs0"
      href="/now/"
    >
      Now
    </a>
    <a
      className="css-ecnfs0"
      href="/writing/"
    >
      Writing
    </a>
  </div>
</div>
`;

exports[`Layout renders correctly in light mode 1`] = `
<div
  className="css-s0dw1h"
>
  <header
    className="css-1aqmb4e"
  >
    <header
      className="css-1tw4u1q"
    >
      <h3
        className="css-fsljql"
      >
        <a
          className="h2"
          css={
            Object {
              "map": undefined,
              "name": "nvkszq",
              "next": undefined,
              "styles": "
              padding: calc(0.25 * var(--spacing)) 0;
            ",
              "toString": [Function],
            }
          }
          href="/"
        >
          Jamie Woodmancy
        </a>
      </h3>
      <div
        className="css-aitx2n"
      >
        <a
          className="css-10t6syk"
          href="/work/"
        >
          Work
        </a>
        <a
          className="css-10t6syk"
          href="/now/"
        >
          Now
        </a>
        <a
          className="css-10t6syk"
          href="/writing/"
        >
          Writing
        </a>
      </div>
      <div
        className="css-nxgzd2"
      />
    </header>
  </header>
  <main
    className="css-16fbjmh"
  >
    <h1>
      mockTitle for Layout
    </h1>
    <div
      className="css-h5uv9"
    >
      <h2>
        hey there!
      </h2>
      <p>
        mock body content, etc
      </p>
    </div>
  </main>
  <div
    className="css-wsh7pe"
  >
    <a
      className="css-ecnfs0"
      href="/work/"
    >
      Work
    </a>
    <a
      className="css-ecnfs0"
      href="/now/"
    >
      Now
    </a>
    <a
      className="css-ecnfs0"
      href="/writing/"
    >
      Writing
    </a>
  </div>
</div>
`;
