// Jest Snapshot v1, https://goo.gl/fbAQLP

exports[`NavFooter renders correctly in dark mode 1`] = `
<div
  className="css-wsh7pe"
>
  <a
    className="css-ecnfs0"
    href="/work/"
  >
    Work
  </a>
  <a
    className="css-ecnfs0"
    href="/now/"
  >
    Now
  </a>
  <a
    className="css-ecnfs0"
    href="/writing/"
  >
    Writing
  </a>
</div>
`;

exports[`NavFooter renders correctly in light mode 1`] = `
<div
  className="css-wsh7pe"
>
  <a
    className="css-ecnfs0"
    href="/work/"
  >
    Work
  </a>
  <a
    className="css-ecnfs0"
    href="/now/"
  >
    Now
  </a>
  <a
    className="css-ecnfs0"
    href="/writing/"
  >
    Writing
  </a>
</div>
`;
